// Jest Snapshot v1, https://goo.gl/fbAQLP

exports[`test database fedaco integration save or fail with duplicated entry: SQLITE_CONSTRAINT 1`] = `"SQLITE_CONSTRAINT: UNIQUE constraint failed: posts.id (SQL: INSERT INTO \\"posts\\" (\\"id\\", \\"user_id\\", \\"name\\", \\"created_at\\", \\"updated_at\\") VALUES (1, 1, Post, 1970-01-01, 1970-01-01))"`;
